// Jest Snapshot v1, https://goo.gl/fbAQLP

exports[`<Form /> renders 1`] = `
<div>
  <form
    className="form"
  >
    <legend
      className="Fz(24px) C(#424242) Lh(20px) Mb(20px)"
    >
       Sign In 
    </legend>
    <div
      className="textfield"
    >
      <Input
        name="password"
        onChange={[Function]}
        value=""
      />
      <label
        className="labels"
      >
        Password
      </label>
    </div>
    <div
      className="textfield"
    >
      <Input
        name="email"
        onChange={[Function]}
        value=""
      />
      <label
        className="labels"
      >
        Email
      </label>
    </div>
    <Button
      onClick={[Function]}
    />
  </form>
</div>
`;
